../Core/Src/stm32g4xx_it.c:89:6:NMI_Handler	4	static
../Core/Src/stm32g4xx_it.c:104:6:HardFault_Handler	4	static
../Core/Src/stm32g4xx_it.c:119:6:MemManage_Handler	4	static
../Core/Src/stm32g4xx_it.c:134:6:BusFault_Handler	4	static
../Core/Src/stm32g4xx_it.c:149:6:UsageFault_Handler	4	static
../Core/Src/stm32g4xx_it.c:164:6:SVC_Handler	4	static
../Core/Src/stm32g4xx_it.c:177:6:DebugMon_Handler	4	static
../Core/Src/stm32g4xx_it.c:190:6:PendSV_Handler	4	static
../Core/Src/stm32g4xx_it.c:203:6:SysTick_Handler	4	static
../Core/Src/stm32g4xx_it.c:224:6:DMA1_Channel1_IRQHandler	8	static
../Core/Src/stm32g4xx_it.c:238:6:DMA1_Channel2_IRQHandler	8	static
../Core/Src/stm32g4xx_it.c:252:6:ADC1_2_IRQHandler	8	static
../Core/Src/stm32g4xx_it.c:267:6:TIM1_UP_TIM16_IRQHandler	8	static
../Core/Src/stm32g4xx_it.c:291:6:TIM3_IRQHandler	8	static
../Core/Src/stm32g4xx_it.c:305:6:USART2_IRQHandler	8	static
../Core/Src/stm32g4xx_it.c:319:6:USART3_IRQHandler	8	static
../Core/Src/stm32g4xx_it.c:333:6:EXTI15_10_IRQHandler	8	static
../Core/Src/stm32g4xx_it.c:347:6:TIM6_DAC_IRQHandler	8	static
