../Core/Src/tim.c:33:6:MX_TIM1_Init	104	static
../Core/Src/tim.c:111:6:MX_TIM2_Init	40	static
../Core/Src/tim.c:151:6:MX_TIM3_Init	56	static
../Core/Src/tim.c:195:6:MX_TIM16_Init	8	static
../Core/Src/tim.c:222:6:HAL_TIM_PWM_MspInit	24	static
../Core/Src/tim.c:242:6:HAL_TIM_Base_MspInit	24	static
../Core/Src/tim.c:277:6:HAL_TIM_Encoder_MspInit	48	static
../Core/Src/tim.c:318:6:HAL_TIM_MspPostInit	48	static
../Core/Src/tim.c:366:6:HAL_TIM_PWM_MspDeInit	16	static
../Core/Src/tim.c:392:6:HAL_TIM_Base_MspDeInit	16	static
../Core/Src/tim.c:432:6:HAL_TIM_Encoder_MspDeInit	16	static
