../Core/Src/tim.c:32:6:MX_TIM1_Init	104	static
../Core/Src/tim.c:110:6:MX_TIM3_Init	56	static
../Core/Src/tim.c:154:6:MX_TIM16_Init	8	static
../Core/Src/tim.c:181:6:HAL_TIM_PWM_MspInit	24	static
../Core/Src/tim.c:201:6:HAL_TIM_Encoder_MspInit	48	static
../Core/Src/tim.c:243:6:HAL_TIM_Base_MspInit	24	static
../Core/Src/tim.c:262:6:HAL_TIM_MspPostInit	48	static
../Core/Src/tim.c:310:6:HAL_TIM_PWM_MspDeInit	16	static
../Core/Src/tim.c:336:6:HAL_TIM_Encoder_MspDeInit	16	static
../Core/Src/tim.c:364:6:HAL_TIM_Base_MspDeInit	16	static
